ERROR ~ Validation of pipeline parameters failed!

 -- Check '/Users/sam/Library/CloudStorage/OneDrive-SharedLibraries-onedrive/bioinformatics/artic-repos/artic-network-fieldbioinformatics-nf/.nf-test/tests/d245b4e998cb0f368ea909fe29c0122a/meta/nextflow.log' file for details
